# Take all the rpm packages from the DVD or CD ROM drive..
# mount the centos7 diskimage
	In Oracle VM click:
	Devices --> Optical Drives --> Choose Disk image --> and click open.. This automatically mount your dvd to your machine

# go to /run/media/username/CentOS 7 x86_64/Packages

# become root and create folder in / for localrepo
$ cd /
$ mkdir localrepo

# copy all the contents of the disk
$ df -h
$ cd /run/media/dobido/... and hit tab to automatically pick the ISO image because linux do not understand spaces like this /run/media/dobido/CentOS 7 x86_64
$ ls -ltr
$ cd Packages/
$ ls -ltr
$ ls -ltr | wc -l

# estimate file space usage
$ du -sh .

# check the available diskspace
$ df -h

# copy everything (rpm files) in the Packages directory to the /localrepo directory
$ cp -rv /run/media/dobido/CentOS\ 7\ x86_64/Packages/* /localrepo/

# go to /etc/yum.repos.d/ directory and delete all repo (make backup of that file)
$ cd /etc/yum.repos.d/
$ rm -rf /etc/yum.repos.d/*

# create a file name local.repo
$ vi local.repo

# add this values
[centos7]
name=centos7
baseurl=file:///localrepo/
enabled=1
gpgcheck=0

NOTE: For CentOS8/9 = command not found
      So install a package
      yum install createrepo*

# Then run this command
$ createrepo /localrepo/

# clean any cache in the old repository
$ yum clean all

# verify
$ yum repolist all
